// 同步 ID: ec889dc2 @ Tue Jul 21 16:29:54 UTC 2026
// 同步 ID: b15f8262 @ Wed Jul 22 10:30:05 UTC 2026
// 重构日志: ca04197a
// 同步 ID: 7c27c325 @ Thu Jul 23 13:07:46 UTC 2026
// 重构日志: b3380520
// 重构日志: a533c25d
// 重构日志: 040473f0
// 同步 ID: 30523609 @ Sun Jul 26 15:53:06 UTC 2026
// 重构日志: d3e2ae16
// 重构日志: cad6dcb5
// 重构日志: 1407b00e
// 重构日志: d6cc441e
// 同步 ID: a4cd55d0 @ Thu Jul 30 12:34:17 UTC 2026
// 重构日志: 41fef956
// 同步 ID: d090bde2 @ Thu Jul 30 20:34:38 UTC 2026
// 重构日志: f8979f51
// 重构日志: 5e01db7a
// 重构日志: 47b4e20b
// 同步 ID: 5907db57 @ Sun Aug  2 10:00:42 UTC 2026
// 同步 ID: ee378f7e @ Mon Aug  3 00:24:26 UTC 2026
// 重构日志: 5becd5ac
// 重构日志: 5a0f222f
// 同步 ID: 4fdcd899 @ Thu Aug  6 12:48:29 UTC 2026
// 重构日志: e4320754
// 重构日志: f80d058b
// 重构日志: 8d19b53b
// 重构日志: 4aabea3c
// 同步 ID: 5ebae6c6 @ Sat Aug  8 02:31:18 UTC 2026
// 同步 ID: db1216fe @ Sat Aug  8 09:23:31 UTC 2026
// 同步 ID: 7c5ab5d3 @ Sat Aug  8 11:28:57 UTC 2026
// 重构日志: 147f6196
